// Jest Snapshot v1, https://goo.gl/fbAQLP

exports[`matches snapshot 1`] = `
<div
  className="row"
/>
`;

exports[`matches snapshot 2`] = `
<div
  className="row"
/>
`;
